---
source: tui/src/app/tests/model_catalog.rs
assertion_line: 289
expression: model_migration_copy_to_plain_text(&copy)
---
GPT-5.4 is now available in Codewith

GPT-5.4 improves on prior models for professional work: it is more token efficient, with notable gains on long-running tasks, tool calling, computer use, and frontend development.

You can always keep using GPT-5.3-Codex if you prefer.
