---
source: tui/src/bottom_pane/chat_composer.rs
expression: terminal.backend()
---
"                                                                    "
"› /tea                                                              "
"                                                                    "
"  /teach           toggle teaching callouts for future replies      "
"  /test-approval   test approval request                            "
