---
source: tui/src/bottom_pane/command_popup.rs
assertion_line: 652
expression: "format!(\"{buf:?}\")"
---
Buffer {
    area: Rect { x: 0, y: 0, width: 84, height: 4 },
    content: [
        "  /pair           start a paired watcher agent for this session                     ",
        "  /compact        summarize conversation to prevent hitting the context limit       ",
        "  /test-approval  test approval request                                             ",
        "  /experimental   toggle experimental features                                      ",
    ],
    styles: [
        x: 0, y: 0, fg: Reset, bg: Reset, underline: Reset, modifier: NONE,
        x: 2, y: 0, fg: Green, bg: Reset, underline: Reset, modifier: BOLD,
        x: 63, y: 0, fg: Reset, bg: Reset, underline: Reset, modifier: NONE,
        x: 6, y: 1, fg: Reset, bg: Reset, underline: Reset, modifier: BOLD,
        x: 8, y: 1, fg: Reset, bg: Reset, underline: Reset, modifier: NONE,
        x: 18, y: 1, fg: Reset, bg: Reset, underline: Reset, modifier: DIM,
        x: 77, y: 1, fg: Reset, bg: Reset, underline: Reset, modifier: NONE,
        x: 9, y: 2, fg: Reset, bg: Reset, underline: Reset, modifier: BOLD,
        x: 10, y: 2, fg: Reset, bg: Reset, underline: Reset, modifier: NONE,
        x: 14, y: 2, fg: Reset, bg: Reset, underline: Reset, modifier: BOLD,
        x: 15, y: 2, fg: Reset, bg: Reset, underline: Reset, modifier: NONE,
        x: 18, y: 2, fg: Reset, bg: Reset, underline: Reset, modifier: DIM,
        x: 39, y: 2, fg: Reset, bg: Reset, underline: Reset, modifier: NONE,
        x: 5, y: 3, fg: Reset, bg: Reset, underline: Reset, modifier: BOLD,
        x: 6, y: 3, fg: Reset, bg: Reset, underline: Reset, modifier: NONE,
        x: 13, y: 3, fg: Reset, bg: Reset, underline: Reset, modifier: BOLD,
        x: 14, y: 3, fg: Reset, bg: Reset, underline: Reset, modifier: NONE,
        x: 18, y: 3, fg: Reset, bg: Reset, underline: Reset, modifier: DIM,
        x: 46, y: 3, fg: Reset, bg: Reset, underline: Reset, modifier: NONE,
    ]
}
