---
source: tui/src/bottom_pane/command_popup.rs
expression: "format!(\"{buf:?}\")"
---
Buffer {
    area: Rect { x: 0, y: 0, width: 84, height: 1 },
    content: [
        "  /debug-config  show config layers and requirement sources for debugging           ",
    ],
    styles: [
        x: 0, y: 0, fg: Reset, bg: Reset, underline: Reset, modifier: NONE,
        x: 2, y: 0, fg: Green, bg: Reset, underline: Reset, modifier: BOLD,
        x: 73, y: 0, fg: Reset, bg: Reset, underline: Reset, modifier: NONE,
    ]
}
