---
source: tui/src/bottom_pane/command_popup.rs
expression: "format!(\"{buf:?}\")"
---
Buffer {
    area: Rect { x: 0, y: 0, width: 84, height: 6 },
    content: [
        "  /pair            start a paired watcher agent for this session                    ",
        "  /compact         summarize conversation to prevent hitting the context limit      ",
        "  /privacy-filter  check local readiness and toggle the optional secret Privacy     ",
        "                   Filter                                                           ",
        "  /test-approval   test approval request                                            ",
        "  /experimental    toggle experimental features                                     ",
    ],
    styles: [
        x: 0, y: 0, fg: Reset, bg: Reset, underline: Reset, modifier: NONE,
        x: 2, y: 0, fg: Green, bg: Reset, underline: Reset, modifier: BOLD,
        x: 64, y: 0, fg: Reset, bg: Reset, underline: Reset, modifier: NONE,
        x: 6, y: 1, fg: Reset, bg: Reset, underline: Reset, modifier: BOLD,
        x: 8, y: 1, fg: Reset, bg: Reset, underline: Reset, modifier: NONE,
        x: 19, y: 1, fg: Reset, bg: Reset, underline: Reset, modifier: DIM,
        x: 78, y: 1, fg: Reset, bg: Reset, underline: Reset, modifier: NONE,
        x: 3, y: 2, fg: Reset, bg: Reset, underline: Reset, modifier: BOLD,
        x: 4, y: 2, fg: Reset, bg: Reset, underline: Reset, modifier: NONE,
        x: 7, y: 2, fg: Reset, bg: Reset, underline: Reset, modifier: BOLD,
        x: 8, y: 2, fg: Reset, bg: Reset, underline: Reset, modifier: NONE,
        x: 19, y: 2, fg: Reset, bg: Reset, underline: Reset, modifier: DIM,
        x: 79, y: 2, fg: Reset, bg: Reset, underline: Reset, modifier: NONE,
        x: 19, y: 3, fg: Reset, bg: Reset, underline: Reset, modifier: DIM,
        x: 25, y: 3, fg: Reset, bg: Reset, underline: Reset, modifier: NONE,
        x: 9, y: 4, fg: Reset, bg: Reset, underline: Reset, modifier: BOLD,
        x: 10, y: 4, fg: Reset, bg: Reset, underline: Reset, modifier: NONE,
        x: 14, y: 4, fg: Reset, bg: Reset, underline: Reset, modifier: BOLD,
        x: 15, y: 4, fg: Reset, bg: Reset, underline: Reset, modifier: NONE,
        x: 19, y: 4, fg: Reset, bg: Reset, underline: Reset, modifier: DIM,
        x: 40, y: 4, fg: Reset, bg: Reset, underline: Reset, modifier: NONE,
        x: 5, y: 5, fg: Reset, bg: Reset, underline: Reset, modifier: BOLD,
        x: 6, y: 5, fg: Reset, bg: Reset, underline: Reset, modifier: NONE,
        x: 13, y: 5, fg: Reset, bg: Reset, underline: Reset, modifier: BOLD,
        x: 14, y: 5, fg: Reset, bg: Reset, underline: Reset, modifier: NONE,
        x: 19, y: 5, fg: Reset, bg: Reset, underline: Reset, modifier: DIM,
        x: 47, y: 5, fg: Reset, bg: Reset, underline: Reset, modifier: NONE,
    ]
}
