---
source: tui/src/chatwidget/tests/loop_menu.rs
assertion_line: 122
expression: "render_bottom_popup(&chat, 100)"
---
  Schedules
  Select a scheduled prompt to manage

  Search schedules
› check whether CI is green… active · once · sch_acti
  check whether CI is green… paused · once · sch_paus
  check whether CI is green… expired · once · sch_expi

  Press enter to confirm or esc to go back
