---
source: tui/src/chatwidget/tests/loop_menu.rs
assertion_line: 86
expression: "render_bottom_popup(&chat, 100)"
---
  Loops
  Select a recurring prompt to manage

  Search loops
› active · every 5 minutes   id sch_active · next not scheduled · prompt check whether CI is green
                             and write the next action · tz UTC · Press Enter to manage.
  paused · every 5 minutes
  expired · every 5 minutes

  Press enter to confirm or esc to go back
