---
source: tui/src/chatwidget/tests/slash_commands.rs
expression: preview
---
• # Codewith Changelog

  ## [Unreleased]

  ## [0.1.56] - 2026-07-04

  Tag: rust-v0.1.56
  npm: https://www.npmjs.com/package/@hasna/codewith/v/0.1.56
  (https://www.npmjs.com/package/@hasna/codewith/v/0.1.56)
  Compare: https://github.com/hasna/codewith/compare/rust-v0.1.55...rust-v0.1.56
  (https://github.com/hasna/codewith/compare/rust-v0.1.55...rust-v0.1.56)
