---
source: tui/src/chatwidget/tests/slash_commands.rs
assertion_line: 3505
expression: preview
---
• # Codewith Changelog

  ## [Unreleased]

  ## [0.1.57] - 2026-07-05

  Tag: rust-v0.1.57
  npm: https://www.npmjs.com/package/@hasna/codewith/v/0.1.57
  (https://www.npmjs.com/package/@hasna/codewith/v/0.1.57)
  Compare: https://github.com/hasna/codewith/compare/rust-v0.1.56...rust-v0.1.57
  (https://github.com/hasna/codewith/compare/rust-v0.1.56...rust-v0.1.57)
