---
source: tui/src/chatwidget/tests/loop_menu.rs
assertion_line: 122
expression: "render_bottom_popup(&chat, 100)"
---
  Schedules
  Select a scheduled prompt to manage

  Search schedules
› active  once               active | once | next 2023-11-14 22:18 | tz UTC
  paused  once               id sch_paused | next 2023-11-14 22:18 | prompt check whether CI is
                             green and write the next action | failure streak 2 failures
  expired  once              id sch_expired | next 2023-11-14 22:18 | prompt check whether CI is
                             green and write the next action

  Press enter to confirm or esc to go back
