---
source: tui/src/chatwidget/tests/mission_control.rs
expression: "render_bottom_popup(&chat, 100)"
---
  Durable mailbox on  Waiting 0  Usage/profile waits 0  Unsupported controls retry/cancel

  Sessions (0)  Projects (0)  Questions (0)  [Work Queue (0)]  Goal Chains (0)

  Search sessions, projects, questions, queues, and goal chains
› Mailbox message rows not loaded  Retry and cancel stay disabled until this view has message ids,
                                   lease state, and a supported cancel/retry RPC.
  No queue targets found           No local sessions matched the current filters

  Press enter to confirm or esc to go back
