---
source: tui/src/chatwidget/tests/slash_commands.rs
expression: preview
---
• # Codewith Changelog

  ## [Unreleased]

  ### Notes

  - No unreleased product changes are recorded here yet.

  ## [0.1.54] - 2026-07-02

  Tag: rust-v0.1.54
  npm: https://www.npmjs.com/package/@hasna/codewith/v/0.1.54
