---
source: tui/src/chatwidget/tests/loop_menu.rs
assertion_line: 86
expression: "render_bottom_popup(&chat, 100)"
---
  Loops
  Select a recurring prompt to manage

  Search loops
› active  every 5 minutes    active | every 5 minutes | next not scheduled | tz UTC
  paused  every 5 minutes    id sch_paused | next not scheduled | prompt check whether CI is green
                             and write the next action | failure streak 2 failures
  expired  every 5 minutes   id sch_expired | next not scheduled | prompt check whether CI is
                             green and write the next action

  Press enter to confirm or esc to go back
