---
source: tui/src/chatwidget/tests/mission_control.rs
assertion_line: 134
expression: "render_bottom_popup(&chat, 100)"
---
  0 waiting

  Sessions  Projects  [Questions]  Queue  Goals  Schedules

  Search
› No pending questions  No local pending interactions need an answer

  Press enter to confirm or esc to go back
