---
source: tui/src/chatwidget/tests/loop_menu.rs
assertion_line: 122
expression: "render_bottom_popup(&chat, 100)"
---
  Schedules
  Select a scheduled prompt to manage

  Search schedules
› active · once              id sch_active · next 2023-11-14 22:18 · prompt check whether CI is
                             green and write the next action · tz UTC · Press Enter to manage.
  paused · once
  expired · once

  Press enter to confirm or esc to go back
