---
source: tui/src/chatwidget/tests/popups_and_settings.rs
expression: popup
---
  Select Profile
  Switch auth for this session.

  1. default             Root login
  2. personal            ChatGPT Pro · el@elyratelier.com · stale 5h 30% left · weekly 60% left
› 3. work (current)      ChatGPT API key · 5h 42% left · weekly 80% left
  4. Log in new profile  Create a saved auth profile

  Enter switch / l relogin / r rename / d delete / s settings / [ up / ] down
  Press enter to confirm or esc to go back
