---
source: tui/src/chatwidget/tests/mission_control.rs
assertion_line: 122
expression: "render_bottom_popup(&chat, 100)"
---
  0 sessions

  [Sessions]  Projects  Questions  Queue  Goals  Schedules

  Search
› No sessions found  No local sessions matched the current filters

  Press enter to confirm or esc to go back
