---
source: tui/src/chatwidget/tests/popups_and_settings.rs
expression: popup
---
  Select Profile
  Switch auth for this session.

› 1. default (current)   Press Enter to confirm or Esc to go back
  2. personal            ChatGPT / ApiKey
  3. work                ChatGPT / ApiKey
  4. Log in new profile  Create a saved auth profile

  Press enter to confirm or esc to go back
