---
source: tui/src/chatwidget/tests/goal_menu.rs
expression: "render_bottom_popup(&chat, 110)"
---
  Goals
  2 planned goals

  Search goals
› Current: Keep improving the bare goal command until it feels calm and u… Press Enter to edit the current
                                                                           goal.
  Plan plan_goa                                                            active | ai-directed | 2 goals
  discover: Map existing goal persistence and UI surfaces (current)        active | deps none | 12500
                                                                           tokens, 90s | budget unlimited
  ship: Implement durable dependent goal execution                         pending | deps discover | 12500
                                                                           tokens, 90s | budget unlimited

  Press enter to confirm or esc to go back
