---
source: tui/src/chatwidget/tests/loop_menu.rs
assertion_line: 86
expression: "render_bottom_popup(&chat, 100)"
---
  Loops
  Select a recurring prompt to manage

  Search loops
› check whether CI is green… active · every 5 minutes · sch_acti
  check whether CI is green… paused · every 5 minutes · sch_paus
  check whether CI is green… expired · every 5 minutes · sch_expi

  Press enter to confirm or esc to go back
