---
source: tui/src/chatwidget/tests/popups_and_settings.rs
expression: popup
---
  MCP: docs
  docs MCP · 1.2.3 · Login needed · 1 tool · 1 resource · 1 template
  docs server description

  Search tools and resources
› Refresh                        Reload MCP server status and inventory.
  OAuth login                    Open the browser login flow for this server.
  T Search docs                  Search indexed documentation.
  R handbook resource            file:///workspace/handbook.md
  P ticket template              ticket://{id}

  Press enter to confirm or esc to go back
