---
source: tui/src/chatwidget/tests/mission_control.rs
assertion_line: 235
expression: "render_bottom_popup(&chat, 120)"
---
  2 plans

  Sessions  Projects  Questions  Queue  [Goals]  Schedules

  Search
› Codewith orchestration  1 ready
  Workflow builder        1 ready

  Press enter to confirm or esc to go back
