---
source: tui/src/chatwidget/tests/popups_and_settings.rs
expression: popup
---
  MCP Servers
  0 servers, 0 tools

  Search MCP servers
› Refresh                    Reload MCP server status and inventory.
  Reload MCP tools           Reconnect loaded threads to the latest MCP config.
  Add server                 Show config guidance for stdio and HTTP MCP servers.
  No MCP servers configured  Use Add server for the config shape and reload flow.

  Press enter to confirm or esc to go back
