---
source: tui/src/chatwidget/tests/goal_menu.rs
expression: "render_bottom_popup(&chat, 110)"
---
  Goals
  2 planned · 1 in progress

  Search goals
› Current: Keep improving the bare goal · active · time 1m                 Keep improving the bare goal
                                                                           command until it feels calm and
                                                                           useful. · 12.5K/80K tokens · time
                                                                           1m
  Cancel current goal                                                      Keep improving the bare goal
                                                                           command until it feels calm and
                                                                           useful.
  Plan: Map existing goal persistence and UI surfaces · active · 2 goals, 1 current · time 3m

  Press enter to confirm or esc to go back
