---
source: tui/src/chatwidget/tests/popups_and_settings.rs
expression: popup
---
  Select Gateway / Provider
  Switch gateway, provider, and model.

› 1. Hasna / OpenAI (current)  Uses Codewith or OpenAI login
  2. Hasna / Cerebras          cerebras
  3. Hasna / NVIDIA            nvidia
  4. OpenRouter / OpenRouter   openrouter

  Press enter to confirm or esc to go back
