---
source: tui/src/chatwidget/tests/mission_control.rs
assertion_line: 85
expression: "render_bottom_popup(&chat, 120)"
---
  1 waiting

  Sessions  Projects  [Questions]  Queue  Goals  Schedules

  Search
› Codewith orchestration (disabled)  question pending (disabled: source session)

  Press enter to confirm or esc to go back
