---
source: tui/src/chatwidget/tests/mission_control.rs
assertion_line: 146
expression: "render_bottom_popup(&chat, 100)"
---
  0 plans

  Sessions  Projects  Questions  Queue  [Goals]  Schedules

  Search
› No goal chains found  No sessions in this overview have durable goal plans

  Press enter to confirm or esc to go back
