---
source: tui/src/chatwidget/tests/usage_limit_reset_tests/manual.rs
expression: "normalize_snapshot_paths(render_bottom_popup(&chat, 90))"
---
  Usage limit resets
  Choose one of 1 exact usage limit reset.

  1. Banked reset      Earned reset credit. Expires in 3d 4h.
› 2. Cancel (default) (n)

  enter selects; ← or esc goes back
