---
source: tui/src/chatwidget/tests/popups_and_settings.rs
expression: popup
---
  Select Provider
  Switch chat provider and model.

› 1. OpenAI (current)  Uses Codewith or OpenAI login
  2. Cerebras          cerebras
  3. NVIDIA            nvidia
  4. OpenRouter        openrouter

  Press enter to confirm or esc to go back
