---
source: tui/src/history_cell/tests.rs
expression: rendered
---
╭─────────────────────────────────────╮
│ ⎔  Hasna Codewith (v0.1.43)         │
│                                     │
│ model:     gpt-5   /model to change │
│ directory: /tmp/project             │
╰─────────────────────────────────────╯

  Tip: Model just became available
